// Jest Snapshot v1, https://goo.gl/fbAQLP

exports[`renders the UI as expected 1`] = `
<div
  className="messages"
>
  messages
  <div
    className="unread_count"
  >
    4
  </div>
</div>
`;
